131313
131313
131313
131131
131131
131131
131313
9999
